// Jest Snapshot v1, https://goo.gl/fbAQLP

exports[`NetworkPage unit tests Network renders NetworkPage 1`] = `
<div
  className="mainContainer"
>
  <div
    className="buttonContainer"
  >
    <button
      className="button"
      onClick={[Function]}
    >
      Visualizer
    </button>
  </div>
  <div
    className="hostContainer"
  >
    <img
      alt="computer-icon"
      className="comp"
      src="https://res.cloudinary.com/dbinuhocd/image/upload/v1692796941/computer-icon_zns1lr.png"
    />
  </div>
  <div
    className="addNetworkButtonContainer"
  >
    <button
      className="addNetworkButton"
      onClick={[Function]}
    >
      Add Network
    </button>
  </div>
  <div
    className="networksContainer"
  >
    <div
      className="userNetwork"
    >
      <div
        className="networkContainer"
      >
        <div
          className="networkLabel"
        >
          <strong>
            Network: 
          </strong>
          Bridge
        </div>
        <hr
          className="hrNet"
        />
        <div
          className="networkInfo"
        >
          <div
            className="Driver"
          >
            <strong>
              Driver: 
            </strong>
            bridge
          </div>
          <div
            className="Gateway"
          >
            <strong>
              Gateway: 
            </strong>
            null
          </div>
          <div
            className="Subnet"
          >
            <strong>
              Subnet: 
            </strong>
            null
          </div>
        </div>
        <hr />
        <div
          className="containerNetworkFeatures"
        >
          <div
            className="connectedContainerContainer"
          >
            <p
              className="connectedText"
            >
              Connected
              <br />
              Containers
            </p>
            <p
              className="divider"
            >
              |
            </p>
            <p
              className="connectedCount"
            />
          </div>
          <div />
          <button
            className="innerButton"
            id="0ShowHideNetworksButton"
            onClick={[Function]}
          >
            Add Container
          </button>
        </div>
        <button
          className="deleteNetworkButton"
          onClick={[Function]}
        >
          x
        </button>
      </div>
      <div
        className="containersContainer"
        id="0ContainersContainer"
        style={
          {
            "display": "none",
          }
        }
      />
    </div>
    <div
      className="defaultNetwork"
    >
      <div
        className="networkContainer"
      >
        <div
          className="networkLabel"
        >
          <strong>
            Network: 
          </strong>
          null
        </div>
        <hr
          className="hrNet"
        />
        <div
          className="networkInfo"
        >
          <div
            className="Driver"
          >
            <strong>
              Driver: 
            </strong>
            none
          </div>
          <div
            className="Gateway"
          >
            <strong>
              Gateway: 
            </strong>
            null
          </div>
          <div
            className="Subnet"
          >
            <strong>
              Subnet: 
            </strong>
            null
          </div>
        </div>
        <hr />
        <div
          className="containerNetworkFeatures"
        >
          <div
            className="connectedContainerContainer"
          >
            <p
              className="connectedText"
            >
              Connected
              <br />
              Containers
            </p>
            <p
              className="divider"
            >
              |
            </p>
            <p
              className="connectedCount"
            />
          </div>
          <div />
          <button
            className="innerButton"
            id="2ShowHideNetworksButton"
            onClick={[Function]}
          >
            Add Container
          </button>
        </div>
        <button
          className="deleteNetworkButton"
          onClick={[Function]}
        >
          x
        </button>
      </div>
      <div
        className="containersContainer"
        id="2ContainersContainer"
        style={
          {
            "display": "none",
          }
        }
      />
    </div>
    <div
      className="userNetwork"
    >
      <div
        className="networkContainer"
      >
        <div
          className="networkLabel"
        >
          <strong>
            Network: 
          </strong>
          Eg1
        </div>
        <hr
          className="hrNet"
        />
        <div
          className="networkInfo"
        >
          <div
            className="Driver"
          >
            <strong>
              Driver: 
            </strong>
            bridge
          </div>
          <div
            className="Gateway"
          >
            <strong>
              Gateway: 
            </strong>
            null
          </div>
          <div
            className="Subnet"
          >
            <strong>
              Subnet: 
            </strong>
            null
          </div>
        </div>
        <hr />
        <div
          className="containerNetworkFeatures"
        >
          <div
            className="connectedContainerContainer"
          >
            <p
              className="connectedText"
            >
              Connected
              <br />
              Containers
            </p>
            <p
              className="divider"
            >
              |
            </p>
            <p
              className="connectedCount"
            />
          </div>
          <div />
          <button
            className="innerButton"
            id="3ShowHideNetworksButton"
            onClick={[Function]}
          >
            Add Container
          </button>
        </div>
        <button
          className="deleteNetworkButton"
          onClick={[Function]}
        >
          x
        </button>
      </div>
      <div
        className="containersContainer"
        id="3ContainersContainer"
        style={
          {
            "display": "none",
          }
        }
      />
    </div>
    <div
      className="userNetwork"
    >
      <div
        className="networkContainer"
      >
        <div
          className="networkLabel"
        >
          <strong>
            Network: 
          </strong>
          Eg2
        </div>
        <hr
          className="hrNet"
        />
        <div
          className="networkInfo"
        >
          <div
            className="Driver"
          >
            <strong>
              Driver: 
            </strong>
            bridge
          </div>
          <div
            className="Gateway"
          >
            <strong>
              Gateway: 
            </strong>
            null
          </div>
          <div
            className="Subnet"
          >
            <strong>
              Subnet: 
            </strong>
            null
          </div>
        </div>
        <hr />
        <div
          className="containerNetworkFeatures"
        >
          <div
            className="connectedContainerContainer"
          >
            <p
              className="connectedText"
            >
              Connected
              <br />
              Containers
            </p>
            <p
              className="divider"
            >
              |
            </p>
            <p
              className="connectedCount"
            />
          </div>
          <div />
          <button
            className="innerButton"
            id="4ShowHideNetworksButton"
            onClick={[Function]}
          >
            Add Container
          </button>
        </div>
        <button
          className="deleteNetworkButton"
          onClick={[Function]}
        >
          x
        </button>
      </div>
      <div
        className="containersContainer"
        id="4ContainersContainer"
        style={
          {
            "display": "none",
          }
        }
      />
    </div>
    <div
      className="userNetwork"
    >
      <div
        className="networkContainer"
      >
        <div
          className="networkLabel"
        >
          <strong>
            Network: 
          </strong>
          Eg3
        </div>
        <hr
          className="hrNet"
        />
        <div
          className="networkInfo"
        >
          <div
            className="Driver"
          >
            <strong>
              Driver: 
            </strong>
            bridge
          </div>
          <div
            className="Gateway"
          >
            <strong>
              Gateway: 
            </strong>
            null
          </div>
          <div
            className="Subnet"
          >
            <strong>
              Subnet: 
            </strong>
            null
          </div>
        </div>
        <hr />
        <div
          className="containerNetworkFeatures"
        >
          <div
            className="connectedContainerContainer"
          >
            <p
              className="connectedText"
            >
              Connected
              <br />
              Containers
            </p>
            <p
              className="divider"
            >
              |
            </p>
            <p
              className="connectedCount"
            />
          </div>
          <div />
          <button
            className="innerButton"
            id="5ShowHideNetworksButton"
            onClick={[Function]}
          >
            Add Container
          </button>
        </div>
        <button
          className="deleteNetworkButton"
          onClick={[Function]}
        >
          x
        </button>
      </div>
      <div
        className="containersContainer"
        id="5ContainersContainer"
        style={
          {
            "display": "none",
          }
        }
      />
    </div>
    <div
      className="defaultNetwork"
    >
      <div
        className="networkContainer"
      >
        <div
          className="networkLabel"
        >
          <strong>
            Network: 
          </strong>
          host
        </div>
        <hr
          className="hrNet"
        />
        <div
          className="networkInfo"
        >
          <div
            className="Driver"
          >
            <strong>
              Driver: 
            </strong>
            host
          </div>
          <div
            className="Gateway"
          >
            <strong>
              Gateway: 
            </strong>
            null
          </div>
          <div
            className="Subnet"
          >
            <strong>
              Subnet: 
            </strong>
            null
          </div>
        </div>
        <hr />
        <div
          className="containerNetworkFeatures"
        >
          <div
            className="connectedContainerContainer"
          >
            <p
              className="connectedText"
            >
              Connected
              <br />
              Containers
            </p>
            <p
              className="divider"
            >
              |
            </p>
            <p
              className="connectedCount"
            />
          </div>
          <div />
          <button
            className="innerButton"
            id="1ShowHideNetworksButton"
            onClick={[Function]}
          >
            Add Container
          </button>
        </div>
        <button
          className="deleteNetworkButton"
          onClick={[Function]}
        >
          x
        </button>
      </div>
      <div
        className="containersContainer"
        id="1ContainersContainer"
        style={
          {
            "display": "none",
          }
        }
      />
    </div>
  </div>
</div>
`;
